2021-03-20 13:44:37,001 - root - INFO - Returns summa two numbers - /home/bogdan/PycharmProjects/pythonProject/CursorHomework/hw9.py
2021-03-20 13:44:42,214 - root - INFO - Returns difference two numbers - /home/bogdan/PycharmProjects/pythonProject/CursorHomework/hw9.py
2021-03-20 13:44:47,986 - root - INFO - Returns division two numbers - /home/bogdan/PycharmProjects/pythonProject/CursorHomework/hw9.py
2021-03-20 13:44:47,986 - root - ERROR - ZeroDivisionError - /home/bogdan/PycharmProjects/pythonProject/CursorHomework/hw9.py
Traceback (most recent call last):
  File "/home/bogdan/PycharmProjects/pythonProject/CursorHomework/hw9.py", line 87, in division
    return f'Result: {num1} / {num2} = {num1 / num2}'
ZeroDivisionError: division by zero
2021-03-20 13:44:55,226 - root - INFO - Returns division two numbers - /home/bogdan/PycharmProjects/pythonProject/CursorHomework/hw9.py
2021-03-20 13:45:02,398 - root - INFO - Returns exponentiation - /home/bogdan/PycharmProjects/pythonProject/CursorHomework/hw9.py
2021-03-20 13:45:07,221 - root - INFO - Exit from program - /home/bogdan/PycharmProjects/pythonProject/CursorHomework/hw9.py
2021-03-21 07:15:49,251 - root - INFO - Returns exponentiation - /home/bogdan/PycharmProjects/pythonProject/CursorHomework/hw9.py
2021-03-21 07:15:56,448 - root - INFO - Returns exponentiation - /home/bogdan/PycharmProjects/pythonProject/CursorHomework/hw9.py
2021-03-21 07:15:56,449 - root - ERROR - ZeroDivisionError - /home/bogdan/PycharmProjects/pythonProject/CursorHomework/hw9.py
Traceback (most recent call last):
  File "/home/bogdan/PycharmProjects/pythonProject/CursorHomework/hw9.py", line 96, in exponentiation
    return f'Result: {num1} ** {num2} = {num1 ** num2}'
ZeroDivisionError: 0.0 cannot be raised to a negative power
2021-03-21 07:16:10,949 - root - WARNING - Wrong operation - /home/bogdan/PycharmProjects/pythonProject/CursorHomework/hw9.py
2021-03-21 07:17:24,985 - root - WARNING - Wrong operation - /home/bogdan/PycharmProjects/pythonProject/CursorHomework/hw9.py
2021-03-21 07:17:43,297 - root - INFO - Returns square root numbers - /home/bogdan/PycharmProjects/pythonProject/CursorHomework/hw9.py
2021-03-21 07:17:43,297 - root - ERROR - ValueError - /home/bogdan/PycharmProjects/pythonProject/CursorHomework/hw9.py
Traceback (most recent call last):
  File "/home/bogdan/PycharmProjects/pythonProject/CursorHomework/hw9.py", line 57, in operation
    return sqrt1(int(input('enter the num: ')))
  File "/home/bogdan/PycharmProjects/pythonProject/CursorHomework/hw9.py", line 105, in sqrt1
    return f'Result: {num} = {sqrt(num)}'
ValueError: math domain error
2021-03-21 07:26:36,548 - root - WARNING - Wrong operation - /home/bogdan/PycharmProjects/pythonProject/CursorHomework/hw9.py
2021-03-21 07:26:50,059 - root - INFO - Returns square root numbers - /home/bogdan/PycharmProjects/pythonProject/CursorHomework/hw9.py
2021-03-21 07:27:38,959 - root - INFO - Returns square root numbers - /home/bogdan/PycharmProjects/pythonProject/CursorHomework/hw9.py
2021-03-21 07:29:40,160 - root - ERROR - ValueError - /home/bogdan/PycharmProjects/pythonProject/CursorHomework/hw9.py
Traceback (most recent call last):
  File "/home/bogdan/PycharmProjects/pythonProject/CursorHomework/hw9.py", line 39, in operation
    return multiplication(int(input('enter the num1: ')), int(input('enter the num2: ')))
ValueError: invalid literal for int() with base 10: ';'
2021-03-21 07:29:56,970 - root - ERROR - ValueError - /home/bogdan/PycharmProjects/pythonProject/CursorHomework/hw9.py
Traceback (most recent call last):
  File "/home/bogdan/PycharmProjects/pythonProject/CursorHomework/hw9.py", line 39, in operation
    return multiplication(int(input('enter the num1: ')), int(input('enter the num2: ')))
ValueError: invalid literal for int() with base 10: 'j'
